#-----------------------------------------------------------
# Vivado v2021.2 (64-bit)
# SW Build 3367213 on Tue Oct 19 02:48:09 MDT 2021
# IP Build 3369179 on Thu Oct 21 08:25:16 MDT 2021
# Start of session at: Tue Mar  1 17:43:31 2022
# Process ID: 17180
# Current directory: E:/NN Accelerator/myProject1
# Command line: vivado.exe -gui_launcher_event rodinguilauncherevent22780 E:\NN Accelerator\myProject1\myProject1.xpr
# Log file: E:/NN Accelerator/myProject1/vivado.log
# Journal file: E:/NN Accelerator/myProject1\vivado.jou
# Running On: AbhishekPC, OS: Windows, CPU Frequency: 2208 MHz, CPU Physical cores: 6, Host memory: 17018 MB
#-----------------------------------------------------------
start_guiopen_project {E:/NN Accelerator/myProject1/myProject1.xpr}
uupdate_compile_order -fileset sources_1
launch_runs synth_1 -jobs 6
wait_on_run synth_1
launch_simulation
source top_sim.tcl
restart
run all
restart
run all
restart
run all
restart
run all
restart
run all
restart
run all
restart
run all
run all
restart
run all
run all
restart
close_sim
launch_simulation
source top_sim.tcl
run all
restart
run all
restart
run all
restart
run all
restart
restart
restart
run all
